Microsoft (R) Macro Assembler Version 6.11		    09/05/22 15:39:44
tempfile.asm						     Page 1 - 1


 0000				DATAS SEGMENT
 0000 0D 0A 24			    changeline db 13,10,'$'
 0003				DATAS ENDS

 0000				STACKS SEGMENT
				    ;此处输入堆栈段代码
 0000				STACKS ENDS

 0000				CODES SEGMENT
				    ASSUME CS:CODES,DS:DATAS,SS:STACKS
 0000				START:
 0000  B8 ---- R		    MOV AX,DATAS
 0003  8E D8			    MOV DS,AX
				    ;此处输入代码段代码
				    
				    ;输入字符放在al
 0005  B4 01			    mov ah,1
 0007  CD 21			    int 21h
				    
 0009  8B C8			    mov cx,ax
				    ;mov dl,al
				    ;mov ah,2
				    ;int 21h
				    
				    ;mov dl,'1'
				    ;mov ah,2
				    ;int 21h
				    
					;回车换行
					;mov dx,offset changeline
					;mov ah,9
					;int 21h
					
 000B  B2 0D			    mov dl,0dh
 000D  B4 02			    mov ah,2
 000F  CD 21			    int 21h
				    
 0011  B2 0A			    mov dl,0ah
 0013  B4 02			   	mov ah,2
 0015  CD 21			    int 21h
				 	
				 	;输出al中的值
 0017  8A D1			    mov dl,cl
 0019  B4 02			    mov ah,2
 001B  CD 21			    int 21h
				    
 001D  B4 4C			    MOV AH,4CH
 001F  CD 21			    INT 21H
 0021				CODES ENDS
				    END START

Microsoft (R) Macro Assembler Version 6.11		    09/05/22 15:39:44
tempfile.asm						     Symbols 2 - 1




Segments and Groups:

                N a m e                 Size     Length   Align   Combine Class

CODES  . . . . . . . . . . . . .	16 Bit	 0021	  Para	  Private 
DATAS  . . . . . . . . . . . . .	16 Bit	 0003	  Para	  Private 
STACKS . . . . . . . . . . . . .	16 Bit	 0000	  Para	  Private 


Symbols:

                N a m e                 Type     Value    Attr

START  . . . . . . . . . . . . .	L Near	 0000	  CODES	
changeline . . . . . . . . . . .	Byte	 0000	  DATAS	

	   0 Warnings
	   0 Errors
